#
# A fatal error has been detected by the Java Runtime Environment:
#
#  EXCEPTION_ACCESS_VIOLATION (0xc0000005) at pc=0x000000006b2856e4, pid=12624, tid=18900
#
# JRE version: Java(TM) SE Runtime Environment (8.0_05-b13) (build 1.8.0_05-b13)
# Java VM: Java HotSpot(TM) 64-Bit Server VM (25.5-b02 mixed mode windows-amd64 compressed oops)
# Problematic frame:
# V  [jvm.dll+0x1356e4]
#
# Failed to write core dump. Minidumps are not enabled by default on client versions of Windows
#
# If you would like to submit a bug report, please visit:
#   http://bugreport.sun.com/bugreport/crash.jsp
#

---------------  T H R E A D  ---------------

Current thread (0x000001b5be792000):  JavaThread "Tcl Event Queue" [_thread_in_vm, id=18900, stack(0x0000000c74b00000,0x0000000c74c00000)]

siginfo: ExceptionCode=0xc0000005, reading address 0x0000000000000008

Registers:
RAX=0x0000000c74bfe328, RBX=0x000001b5be80f580, RCX=0x0000000000000000, RDX=0x0000000c74bfe320
RSP=0x0000000c74bfe270, RBP=0x0000000c74bfe370, RSI=0x0000000000000000, RDI=0x0000000000000000
R8 =0x0000000c74bfdce0, R9 =0x0000000000000001, R10=0x00000000009820fd, R11=0x6666666666666667
R12=0x000001b5be80ac30, R13=0x000001b5be792000, R14=0x000001b5bbc60fd0, R15=0x0000000c74bfe438
RIP=0x000000006b2856e4, EFLAGS=0x0000000000010246

Top of Stack: (sp=0x0000000c74bfe270)
0x0000000c74bfe270:   000001b5be792000 000000006b711e58
0x0000000c74bfe280:   0000000716f73408 000000006b232c28
0x0000000c74bfe290:   00000007c0000208 0000000000000000
0x0000000c74bfe2a0:   0000000000000002 0000000000000000
0x0000000c74bfe2b0:   0000000000000000 000001b5bbc613b8
0x0000000c74bfe2c0:   0000000c74bfe468 00000000000003d8
0x0000000c74bfe2d0:   000001b5bbc60fe0 000001b5be7921e0
0x0000000c74bfe2e0:   000000006b7028e8 000001b597d88960
0x0000000c74bfe2f0:   000000007fae7f63 000001b5be792000
0x0000000c74bfe300:   0000000000000000 0000000000000000
0x0000000c74bfe310:   000001b5c500b6a0 000001b5be792000
0x0000000c74bfe320:   0000000000000000 000001b5be80f580
0x0000000c74bfe330:   0000000c00000007 000001b5be792000
0x0000000c74bfe340:   0000000000000000 00007fffbb10f4ce
0x0000000c74bfe350:   000001b5be80f580 000000006b1b2967
0x0000000c74bfe360:   000001b5be792000 00007fffbb0001cf 

Instructions: (pc=0x000000006b2856e4)
0x000000006b2856c4:   08 48 8b cb e8 43 89 31 00 48 63 0b 8d 41 01 89
0x000000006b2856d4:   03 48 8b 43 18 48 89 34 c8 eb 05 48 89 7c 24 40
0x000000006b2856e4:   48 8b 56 08 48 8d 4c 24 70 0f b7 42 22 48 8b 52
0x000000006b2856f4:   08 48 8b 54 c2 50 e8 11 ec 0d 00 4c 8d 1d e2 d1 


Register to memory mapping:

RAX=0x0000000c74bfe328 is pointing into the stack for thread: 0x000001b5be792000
RBX=0x000001b5be80f580 is an unknown value
RCX=0x0000000000000000 is an unknown value
RDX=0x0000000c74bfe320 is pointing into the stack for thread: 0x000001b5be792000
RSP=0x0000000c74bfe270 is pointing into the stack for thread: 0x000001b5be792000
RBP=0x0000000c74bfe370 is pointing into the stack for thread: 0x000001b5be792000
RSI=0x0000000000000000 is an unknown value
RDI=0x0000000000000000 is an unknown value
R8 =0x0000000c74bfdce0 is pointing into the stack for thread: 0x000001b5be792000
R9 =0x0000000000000001 is an unknown value
R10=0x00000000009820fd is an unknown value
R11=0x6666666666666667 is an unknown value
R12=0x000001b5be80ac30 is an unknown value
R13=0x000001b5be792000 is a thread
R14=0x000001b5bbc60fd0 is an unknown value
R15=0x0000000c74bfe438 is pointing into the stack for thread: 0x000001b5be792000


Stack: [0x0000000c74b00000,0x0000000c74c00000],  sp=0x0000000c74bfe270,  free space=1016k
Native frames: (J=compiled Java code, j=interpreted, Vv=VM code, C=native code)
V  [jvm.dll+0x1356e4]
V  [jvm.dll+0x1386d7]
C  [tcl_jni_bridge.dll+0x2120]
C  [tcl86.dll+0xbc44d]
C  [tcl86.dll+0xbc8c4]
C  [tcl86.dll+0x7aa02]
C  [tcl86.dll+0x161e3]
C  [tcl86.dll+0x17a66]
C  [tcl86.dll+0x18258]
C  [tcl_jni_bridge.dll+0x1370]
C  0x000001b597e46295

Java frames: (J=compiled Java code, j=interpreted, Vv=VM code)
j  com.altera.tcl.interpreter.NativeTclWrapper.eval1(Ljava/lang/String;I)Lcom/altera/tcl/interpreter/NativeTclWrapper$TclResult;+0
j  com.altera.tcl.interpreter.NativeTclWrapper.eval(Ljava/lang/String;[Lcom/altera/tcl/interpreter/NativeTclWrapper$EvalFlag;)Lcom/altera/tcl/interpreter/NativeTclWrapper$TclResult;+78
j  com.altera.tcl.interpreter.NativeTCLInterpreter.evalScript(Ljava/lang/String;)V+30
j  com.altera.systemconsole.scripting.SystemConsoleThreadTCLInterpreter.evalScript(Ljava/lang/String;)V+2
j  com.altera.systemconsole.scripting.ScriptEngine$5.run()V+168
j  com.altera.tcl.interpreter.NativeTclWrapper.runEvent(I)V+41
v  ~StubRoutines::call_stub
j  com.altera.tcl.interpreter.NativeTclWrapper.doOneEvent0(I)Z+0
j  com.altera.tcl.interpreter.NativeTclWrapper.doOneEvent(I)Z+25
j  com.altera.tcl.interpreter.NativeTCLInterpreter.waitAndDoOneEvent()V+16
j  com.altera.tcl.interpreter.InterpreterInstantiator$1.run()V+43
j  java.lang.Thread.run()V+11
v  ~StubRoutines::call_stub

---------------  P R O C E S S  ---------------

Java Threads: ( => current thread )
  0x000001b5bf2e7800 JavaThread "pool-3-thread-1" [_thread_blocked, id=17416, stack(0x0000000c74200000,0x0000000c74300000)]
  0x000001b5be795000 JavaThread "<ClientThread-Pool#2-ID:2>" [_thread_blocked, id=20012, stack(0x0000000c75300000,0x0000000c75400000)]
  0x000001b5be78f800 JavaThread "Tcl Dashboard Callbacks Event Queue" [_thread_blocked, id=15124, stack(0x0000000c74f00000,0x0000000c75000000)]
  0x000001b5be794000 JavaThread "TCL Event Queue (shared interpreters)" [_thread_in_native, id=11080, stack(0x0000000c75100000,0x0000000c75200000)]
  0x000001b5be790000 JavaThread "<ClientThread-Pool#3-ID:1>" [_thread_blocked, id=5144, stack(0x0000000c75000000,0x0000000c75100000)]
  0x000001b5be792800 JavaThread "QuickServer - SystemConsole URL handler" [_thread_in_native, id=13492, stack(0x0000000c74e00000,0x0000000c74f00000)]
  0x000001b5be78e800 JavaThread "--desktop_script thread executing main_run.tcl" [_thread_blocked, id=6208, stack(0x0000000c74400000,0x0000000c74500000)]
=>0x000001b5be792000 JavaThread "Tcl Event Queue" [_thread_in_vm, id=18900, stack(0x0000000c74b00000,0x0000000c74c00000)]
  0x000001b5be78e000 JavaThread "Timer-0" daemon [_thread_blocked, id=15716, stack(0x0000000c74a00000,0x0000000c74b00000)]
  0x000001b5be791000 JavaThread "TimerQueue" daemon [_thread_blocked, id=15780, stack(0x0000000c74800000,0x0000000c74900000)]
  0x000001b5bd420000 JavaThread "AWT-EventQueue-0" [_thread_blocked, id=14424, stack(0x0000000c74100000,0x0000000c74200000)]
  0x000001b5bd472800 JavaThread "<ClientThread-Pool#2-ID:1>" [_thread_in_native, id=14124, stack(0x0000000c74000000,0x0000000c74100000)]
  0x000001b5bd437000 JavaThread "QuickServer - SystemConsole secondary JTAG server" [_thread_in_native, id=14028, stack(0x0000000c73f00000,0x0000000c74000000)]
  0x000001b5bd3ca000 JavaThread "<ClientThread-Pool#1-ID:1>" [_thread_blocked, id=6624, stack(0x0000000c73d00000,0x0000000c73e00000)]
  0x000001b5bd3a3800 JavaThread "QuickServer - System Console RPC" [_thread_in_native, id=8680, stack(0x0000000c73c00000,0x0000000c73d00000)]
  0x000001b5bd140800 JavaThread "AWT-Windows" daemon [_thread_blocked, id=14076, stack(0x0000000c73b00000,0x0000000c73c00000)]
  0x000001b5bd1ce000 JavaThread "AWT-Shutdown" [_thread_blocked, id=19624, stack(0x0000000c73a00000,0x0000000c73b00000)]
  0x000001b5bd1cd000 JavaThread "Java2D Disposer" daemon [_thread_blocked, id=3232, stack(0x0000000c73900000,0x0000000c73a00000)]
  0x000001b5bcd1f800 JavaThread "SystemConsoleEventThread Event Queue" [_thread_blocked, id=15316, stack(0x0000000c73800000,0x0000000c73900000)]
  0x000001b5bbcc3000 JavaThread "Service Thread" daemon [_thread_blocked, id=19364, stack(0x0000000c73600000,0x0000000c73700000)]
  0x000001b5bbc43800 JavaThread "C1 CompilerThread3" daemon [_thread_blocked, id=19016, stack(0x0000000c73500000,0x0000000c73600000)]
  0x000001b5bbc43000 JavaThread "C2 CompilerThread2" daemon [_thread_blocked, id=16248, stack(0x0000000c73400000,0x0000000c73500000)]
  0x000001b5bbc3f000 JavaThread "C2 CompilerThread1" daemon [_thread_blocked, id=9208, stack(0x0000000c73300000,0x0000000c73400000)]
  0x000001b5bbc38000 JavaThread "C2 CompilerThread0" daemon [_thread_blocked, id=4856, stack(0x0000000c73200000,0x0000000c73300000)]
  0x000001b5bbc37000 JavaThread "Attach Listener" daemon [_thread_blocked, id=11192, stack(0x0000000c73100000,0x0000000c73200000)]
  0x000001b5bbc31800 JavaThread "Signal Dispatcher" daemon [_thread_blocked, id=4064, stack(0x0000000c73000000,0x0000000c73100000)]
  0x000001b597e29000 JavaThread "Finalizer" daemon [_thread_blocked, id=1144, stack(0x0000000c72f00000,0x0000000c73000000)]
  0x000001b5ba54c800 JavaThread "Reference Handler" daemon [_thread_blocked, id=12104, stack(0x0000000c72e00000,0x0000000c72f00000)]
  0x000001b597d36000 JavaThread "main" [_thread_blocked, id=9256, stack(0x0000000c72200000,0x0000000c72300000)]

Other Threads:
  0x000001b5ba545000 VMThread [stack: 0x0000000c72d00000,0x0000000c72e00000] [id=10792]
  0x000001b5bbcc5000 WatcherThread [stack: 0x0000000c73700000,0x0000000c73800000] [id=7860]

VM state:synchronizing (normal execution)

VM Mutex/Monitor currently owned by a thread:  ([mutex/lock_event])
[0x000001b595a7e3b0] Threads_lock - owner thread: 0x000001b5ba545000

Heap:
 PSYoungGen      total 50688K, used 29684K [0x0000000716100000, 0x000000071a480000, 0x00000007c0000000)
  eden space 44032K, 67% used [0x0000000716100000,0x0000000717dfd028,0x0000000718c00000)
  from space 6656K, 0% used [0x0000000718c00000,0x0000000718c00000,0x0000000719280000)
  to   space 9728K, 0% used [0x0000000719b00000,0x0000000719b00000,0x000000071a480000)
 ParOldGen       total 30720K, used 18870K [0x00000005c2200000, 0x00000005c4000000, 0x0000000716100000)
  object space 30720K, 61% used [0x00000005c2200000,0x00000005c346dab8,0x00000005c4000000)
 Metaspace       used 28961K, capacity 29292K, committed 29696K, reserved 1075200K
  class space    used 3936K, capacity 4012K, committed 4096K, reserved 1048576K

Card table byte_map: [0x000001b5a71f0000,0x000001b5a81e0000] byte_map_base: 0x000001b5a43df000

Marking Bits: (ParMarkBitMap*) 0x000000006b9013b0
 Begin Bits: [0x000001b5a8c80000, 0x000001b5b0bf8000)
 End Bits:   [0x000001b5b0bf8000, 0x000001b5b8b70000)

Polling page: 0x000001b595830000

CodeCache: size=245760Kb used=12696Kb max_used=12709Kb free=233063Kb
 bounds [0x000001b597e30000, 0x000001b598ab0000, 0x000001b5a6e30000]
 total_blobs=4511 nmethods=3899 adapters=523
 compilation: enabled

Compilation events (10 events):
Event: 46.260 Thread 0x000001b5bbc43800 nmethod 3969 0x000001b598a994d0 code [0x000001b598a996e0, 0x000001b598a9a2d0]
Event: 49.791 Thread 0x000001b5bbc43800 3970   !   3       java.awt.KeyboardFocusManager::retargetFocusEvent (244 bytes)
Event: 49.792 Thread 0x000001b5bbc43000 3973       4       com.altera.ui.components.console.DecoratorView::getPreferredSpan (9 bytes)
Event: 49.792 Thread 0x000001b5bbc3f000 3974       4       java.lang.Math::max (12 bytes)
Event: 49.793 Thread 0x000001b5bbc43800 nmethod 3970 0x000001b598a9d290 code [0x000001b598a9d6c0, 0x000001b598a9fe10]
Event: 49.793 Thread 0x000001b5bbc3f000 nmethod 3974 0x000001b598a793d0 code [0x000001b598a79500, 0x000001b598a79558]
Event: 49.793 Thread 0x000001b5bbc43800 3972       3       javax.swing.text.FlowView$FlowStrategy::insertUpdate (62 bytes)
Event: 49.793 Thread 0x000001b5bbc38000 3975       4       java.awt.geom.AffineTransform::translate (547 bytes)
Event: 49.793 Thread 0x000001b5bbc43800 nmethod 3972 0x000001b598a91190 code [0x000001b598a91360, 0x000001b598a91a10]
Event: 49.793 Thread 0x000001b5bbc43800 3971       3       com.altera.ui.components.console.RegexpKit::create (54 bytes)

GC Heap History (10 events):
Event: 2.571 GC heap before
{Heap before GC invocations=16 (full 1):
 PSYoungGen      total 32768K, used 464K [0x0000000716100000, 0x0000000719580000, 0x00000007c0000000)
  eden space 29696K, 0% used [0x0000000716100000,0x0000000716100000,0x0000000717e00000)
  from space 3072K, 15% used [0x0000000717e00000,0x0000000717e74010,0x0000000718100000)
  to   space 3072K, 0% used [0x0000000719280000,0x0000000719280000,0x0000000719580000)
 ParOldGen       total 520704K, used 20967K [0x00000005c2200000, 0x00000005e1e80000, 0x0000000716100000)
  object space 520704K, 4% used [0x00000005c2200000,0x00000005c3679de8,0x00000005e1e80000)
 Metaspace       used 20726K, capacity 20966K, committed 21248K, reserved 1067008K
  class space    used 2894K, capacity 2958K, committed 3072K, reserved 1048576K
Event: 2.593 GC heap after
Heap after GC invocations=16 (full 1):
 PSYoungGen      total 32768K, used 0K [0x0000000716100000, 0x0000000719580000, 0x00000007c0000000)
  eden space 29696K, 0% used [0x0000000716100000,0x0000000716100000,0x0000000717e00000)
  from space 3072K, 0% used [0x0000000717e00000,0x0000000717e00000,0x0000000718100000)
  to   space 3072K, 0% used [0x0000000719280000,0x0000000719280000,0x0000000719580000)
 ParOldGen       total 18944K, used 12159K [0x00000005c2200000, 0x00000005c3480000, 0x0000000716100000)
  object space 18944K, 64% used [0x00000005c2200000,0x00000005c2ddff68,0x00000005c3480000)
 Metaspace       used 20726K, capacity 20966K, committed 21248K, reserved 1067008K
  class space    used 2894K, capacity 2958K, committed 3072K, reserved 1048576K
}
Event: 2.919 GC heap before
{Heap before GC invocations=17 (full 1):
 PSYoungGen      total 32768K, used 29696K [0x0000000716100000, 0x0000000719580000, 0x00000007c0000000)
  eden space 29696K, 100% used [0x0000000716100000,0x0000000717e00000,0x0000000717e00000)
  from space 3072K, 0% used [0x0000000717e00000,0x0000000717e00000,0x0000000718100000)
  to   space 3072K, 0% used [0x0000000719280000,0x0000000719280000,0x0000000719580000)
 ParOldGen       total 18944K, used 12159K [0x00000005c2200000, 0x00000005c3480000, 0x0000000716100000)
  object space 18944K, 64% used [0x00000005c2200000,0x00000005c2ddff68,0x00000005c3480000)
 Metaspace       used 26502K, capacity 26760K, committed 27136K, reserved 1073152K
  class space    used 3678K, capacity 3734K, committed 3840K, reserved 1048576K
Event: 2.922 GC heap after
Heap after GC invocations=17 (full 1):
 PSYoungGen      total 47104K, used 3063K [0x0000000716100000, 0x0000000719a00000, 0x00000007c0000000)
  eden space 44032K, 0% used [0x0000000716100000,0x0000000716100000,0x0000000718c00000)
  from space 3072K, 99% used [0x0000000719280000,0x000000071957df18,0x0000000719580000)
  to   space 6656K, 0% used [0x0000000718c00000,0x0000000718c00000,0x0000000719280000)
 ParOldGen       total 21504K, used 20001K [0x00000005c2200000, 0x00000005c3700000, 0x0000000716100000)
  object space 21504K, 93% used [0x00000005c2200000,0x00000005c35884b0,0x00000005c3700000)
 Metaspace       used 26502K, capacity 26760K, committed 27136K, reserved 1073152K
  class space    used 3678K, capacity 3734K, committed 3840K, reserved 1048576K
}
Event: 2.922 GC heap before
{Heap before GC invocations=18 (full 2):
 PSYoungGen      total 47104K, used 3063K [0x0000000716100000, 0x0000000719a00000, 0x00000007c0000000)
  eden space 44032K, 0% used [0x0000000716100000,0x0000000716100000,0x0000000718c00000)
  from space 3072K, 99% used [0x0000000719280000,0x000000071957df18,0x0000000719580000)
  to   space 6656K, 0% used [0x0000000718c00000,0x0000000718c00000,0x0000000719280000)
 ParOldGen       total 21504K, used 20001K [0x00000005c2200000, 0x00000005c3700000, 0x0000000716100000)
  object space 21504K, 93% used [0x00000005c2200000,0x00000005c35884b0,0x00000005c3700000)
 Metaspace       used 26502K, capacity 26760K, committed 27136K, reserved 1073152K
  class space    used 3678K, capacity 3734K, committed 3840K, reserved 1048576K
Event: 2.971 GC heap after
Heap after GC invocations=18 (full 2):
 PSYoungGen      total 47104K, used 0K [0x0000000716100000, 0x0000000719a00000, 0x00000007c0000000)
  eden space 44032K, 0% used [0x0000000716100000,0x0000000716100000,0x0000000718c00000)
  from space 3072K, 0% used [0x0000000719280000,0x0000000719280000,0x0000000719580000)
  to   space 6656K, 0% used [0x0000000718c00000,0x0000000718c00000,0x0000000719280000)
 ParOldGen       total 26624K, used 16802K [0x00000005c2200000, 0x00000005c3c00000, 0x0000000716100000)
  object space 26624K, 63% used [0x00000005c2200000,0x00000005c3268be0,0x00000005c3c00000)
 Metaspace       used 26502K, capacity 26760K, committed 27136K, reserved 1073152K
  class space    used 3678K, capacity 3734K, committed 3840K, reserved 1048576K
}
Event: 9.362 GC heap before
{Heap before GC invocations=19 (full 2):
 PSYoungGen      total 47104K, used 43811K [0x0000000716100000, 0x0000000719a00000, 0x00000007c0000000)
  eden space 44032K, 99% used [0x0000000716100000,0x0000000718bc8cb8,0x0000000718c00000)
  from space 3072K, 0% used [0x0000000719280000,0x0000000719280000,0x0000000719580000)
  to   space 6656K, 0% used [0x0000000718c00000,0x0000000718c00000,0x0000000719280000)
 ParOldGen       total 26624K, used 16802K [0x00000005c2200000, 0x00000005c3c00000, 0x0000000716100000)
  object space 26624K, 63% used [0x00000005c2200000,0x00000005c3268be0,0x00000005c3c00000)
 Metaspace       used 28434K, capacity 28718K, committed 29184K, reserved 1075200K
  class space    used 3898K, capacity 3975K, committed 4096K, reserved 1048576K
Event: 9.367 GC heap after
Heap after GC invocations=19 (full 2):
 PSYoungGen      total 50688K, used 6642K [0x0000000716100000, 0x000000071a480000, 0x00000007c0000000)
  eden space 44032K, 0% used [0x0000000716100000,0x0000000716100000,0x0000000718c00000)
  from space 6656K, 99% used [0x0000000718c00000,0x000000071927cae0,0x0000000719280000)
  to   space 9728K, 0% used [0x0000000719b00000,0x0000000719b00000,0x000000071a480000)
 ParOldGen       total 26624K, used 23025K [0x00000005c2200000, 0x00000005c3c00000, 0x0000000716100000)
  object space 26624K, 86% used [0x00000005c2200000,0x00000005c387c7d0,0x00000005c3c00000)
 Metaspace       used 28434K, capacity 28718K, committed 29184K, reserved 1075200K
  class space    used 3898K, capacity 3975K, committed 4096K, reserved 1048576K
}
Event: 9.367 GC heap before
{Heap before GC invocations=20 (full 3):
 PSYoungGen      total 50688K, used 6642K [0x0000000716100000, 0x000000071a480000, 0x00000007c0000000)
  eden space 44032K, 0% used [0x0000000716100000,0x0000000716100000,0x0000000718c00000)
  from space 6656K, 99% used [0x0000000718c00000,0x000000071927cae0,0x0000000719280000)
  to   space 9728K, 0% used [0x0000000719b00000,0x0000000719b00000,0x000000071a480000)
 ParOldGen       total 26624K, used 23025K [0x00000005c2200000, 0x00000005c3c00000, 0x0000000716100000)
  object space 26624K, 86% used [0x00000005c2200000,0x00000005c387c7d0,0x00000005c3c00000)
 Metaspace       used 28434K, capacity 28718K, committed 29184K, reserved 1075200K
  class space    used 3898K, capacity 3975K, committed 4096K, reserved 1048576K
Event: 9.447 GC heap after
Heap after GC invocations=20 (full 3):
 PSYoungGen      total 50688K, used 0K [0x0000000716100000, 0x000000071a480000, 0x00000007c0000000)
  eden space 44032K, 0% used [0x0000000716100000,0x0000000716100000,0x0000000718c00000)
  from space 6656K, 0% used [0x0000000718c00000,0x0000000718c00000,0x0000000719280000)
  to   space 9728K, 0% used [0x0000000719b00000,0x0000000719b00000,0x000000071a480000)
 ParOldGen       total 30720K, used 18870K [0x00000005c2200000, 0x00000005c4000000, 0x0000000716100000)
  object space 30720K, 61% used [0x00000005c2200000,0x00000005c346dab8,0x00000005c4000000)
 Metaspace       used 28434K, capacity 28718K, committed 29184K, reserved 1075200K
  class space    used 3898K, capacity 3975K, committed 4096K, reserved 1048576K
}

Deoptimization events (10 events):
Event: 19.032 Thread 0x000001b5bd420000 Uncommon trap: reason=unreached action=reinterpret pc=0x000001b59883f7ac method=net.miginfocom.layout.Grid$CompWrap.isPushGap(ZZ)Z @ 51
Event: 19.032 Thread 0x000001b5bd420000 Uncommon trap: reason=unreached action=reinterpret pc=0x000001b59880a834 method=net.miginfocom.swing.MigLayout.checkCache(Ljava/awt/Container;)V @ 130
Event: 19.032 Thread 0x000001b5bd420000 Uncommon trap: reason=class_check action=maybe_recompile pc=0x000001b598848bf8 method=net.miginfocom.swing.SwingComponentWrapper.getWidth()I @ 4
Event: 19.033 Thread 0x000001b5bd420000 Uncommon trap: reason=class_check action=maybe_recompile pc=0x000001b598848bf8 method=net.miginfocom.swing.SwingComponentWrapper.getWidth()I @ 4
Event: 22.630 Thread 0x000001b5bd420000 Uncommon trap: reason=unreached action=reinterpret pc=0x000001b59888ca38 method=java.security.AccessControlContext.optimize()Ljava/security/AccessControlContext; @ 233
Event: 22.879 Thread 0x000001b5bd420000 Uncommon trap: reason=class_check action=maybe_recompile pc=0x000001b5986568e8 method=java.util.regex.Pattern$Bound.match(Ljava/util/regex/Matcher;ILjava/lang/CharSequence;)Z @ 22
Event: 22.879 Thread 0x000001b5bd420000 Uncommon trap: reason=null_check action=make_not_entrant pc=0x000001b59873ec80 method=sun.font.FontDesignMetrics.getMetrics(Ljava/awt/Font;Ljava/awt/font/FontRenderContext;)Lsun/font/FontDesignMetrics; @ 85
Event: 23.239 Thread 0x000001b5bd420000 Uncommon trap: reason=class_check action=maybe_recompile pc=0x000001b5986568e8 method=java.util.regex.Pattern$Bound.match(Ljava/util/regex/Matcher;ILjava/lang/CharSequence;)Z @ 22
Event: 23.419 Thread 0x000001b5bd420000 Uncommon trap: reason=class_check action=maybe_recompile pc=0x000001b5986568e8 method=java.util.regex.Pattern$Bound.match(Ljava/util/regex/Matcher;ILjava/lang/CharSequence;)Z @ 22
Event: 23.569 Thread 0x000001b5bd420000 Uncommon trap: reason=class_check action=maybe_recompile pc=0x000001b5986568e8 method=java.util.regex.Pattern$Bound.match(Ljava/util/regex/Matcher;ILjava/lang/CharSequence;)Z @ 22

Internal exceptions (10 events):
Event: 18.709 Thread 0x000001b5bcd1f800 Exception <a 'java/security/PrivilegedActionException'> (0x0000000717b01b20) thrown at [D:\re\workspace\8-2-build-windows-amd64-cygwin\jdk8u5\2488\hotspot\src\share\vm\prims\jvm.cpp, line 1248]
Event: 18.710 Thread 0x000001b5bcd1f800 Exception <a 'java/security/PrivilegedActionException'> (0x0000000717b10998) thrown at [D:\re\workspace\8-2-build-windows-amd64-cygwin\jdk8u5\2488\hotspot\src\share\vm\prims\jvm.cpp, line 1248]
Event: 18.710 Thread 0x000001b5bcd1f800 Exception <a 'java/security/PrivilegedActionException'> (0x0000000717b20050) thrown at [D:\re\workspace\8-2-build-windows-amd64-cygwin\jdk8u5\2488\hotspot\src\share\vm\prims\jvm.cpp, line 1248]
Event: 18.710 Thread 0x000001b5bcd1f800 Exception <a 'java/security/PrivilegedActionException'> (0x0000000717b2e318) thrown at [D:\re\workspace\8-2-build-windows-amd64-cygwin\jdk8u5\2488\hotspot\src\share\vm\prims\jvm.cpp, line 1248]
Event: 18.997 Thread 0x000001b5bcd1f800 Exception <a 'java/security/PrivilegedActionException'> (0x0000000717b3afe0) thrown at [D:\re\workspace\8-2-build-windows-amd64-cygwin\jdk8u5\2488\hotspot\src\share\vm\prims\jvm.cpp, line 1248]
Event: 18.997 Thread 0x000001b5bcd1f800 Exception <a 'java/security/PrivilegedActionException'> (0x0000000717beab50) thrown at [D:\re\workspace\8-2-build-windows-amd64-cygwin\jdk8u5\2488\hotspot\src\share\vm\prims\jvm.cpp, line 1248]
Event: 31.774 Thread 0x000001b5bd420000 Exception <a 'java/security/PrivilegedActionException'> (0x0000000717d5c648) thrown at [D:\re\workspace\8-2-build-windows-amd64-cygwin\jdk8u5\2488\hotspot\src\share\vm\prims\jvm.cpp, line 1248]
Event: 31.775 Thread 0x000001b5bd420000 Exception <a 'java/security/PrivilegedActionException'> (0x0000000717d61c70) thrown at [D:\re\workspace\8-2-build-windows-amd64-cygwin\jdk8u5\2488\hotspot\src\share\vm\prims\jvm.cpp, line 1248]
Event: 31.775 Thread 0x000001b5bf2e7800 Exception <a 'java/security/PrivilegedActionException'> (0x0000000717d837a0) thrown at [D:\re\workspace\8-2-build-windows-amd64-cygwin\jdk8u5\2488\hotspot\src\share\vm\prims\jvm.cpp, line 1248]
Event: 31.776 Thread 0x000001b5bf2e7800 Exception <a 'java/security/PrivilegedActionException'> (0x0000000717d8ed80) thrown at [D:\re\workspace\8-2-build-windows-amd64-cygwin\jdk8u5\2488\hotspot\src\share\vm\prims\jvm.cpp, line 1248]

Events (10 events):
Event: 24.757 Thread 0x000001b5c67de800 Thread exited: 0x000001b5c67de800
Event: 31.774 loading class com/altera/ui/components/console/ConsoleDocument$HistoryElement
Event: 31.774 loading class com/altera/ui/components/console/ConsoleDocument$HistoryElement done
Event: 31.775 loading class com/altera/ui/components/console/JConsole$Command
Event: 31.775 loading class com/altera/ui/components/console/JConsole$Command done
Event: 31.775 Thread 0x000001b5bf2e7800 Thread added: 0x000001b5bf2e7800
Event: 31.775 loading class com/altera/ui/components/console/JConsole$Command$1
Event: 31.775 loading class com/altera/ui/components/console/JConsole$Command$1 done
Event: 31.776 loading class com/altera/ui/components/console/JConsole$Command$2
Event: 31.776 loading class com/altera/ui/components/console/JConsole$Command$2 done


Dynamic libraries:
0x00007ff6ee630000 - 0x00007ff6ee66a000 	C:\intelFPGA_lite\18.1\quartus\sopc_builder\bin\system-console.exe
0x00007fffbb0c0000 - 0x00007fffbb323000 	C:\WINDOWS\SYSTEM32\ntdll.dll
0x00007fffba3c0000 - 0x00007fffba488000 	C:\WINDOWS\System32\KERNEL32.DLL
0x00007fffb8a80000 - 0x00007fffb8e32000 	C:\WINDOWS\System32\KERNELBASE.dll
0x00007fff7bb90000 - 0x00007fff7bc6b000 	C:\Program Files\Bitdefender\Endpoint Security\bdhkm\dlls_267056841768380835\bdhkm64.dll
0x00007fff827f0000 - 0x00007fff829b5000 	C:\Program Files\Bitdefender\Endpoint Security\atcuf\dlls_267653019576386745\atcuf64.dll
0x00007fffba670000 - 0x00007fffba724000 	C:\WINDOWS\System32\ADVAPI32.dll
0x00007fffba0a0000 - 0x00007fffba149000 	C:\WINDOWS\System32\msvcrt.dll
0x00007fffba5c0000 - 0x00007fffba666000 	C:\WINDOWS\System32\sechost.dll
0x00007fffba240000 - 0x00007fffba356000 	C:\WINDOWS\System32\RPCRT4.dll
0x00007fffbab90000 - 0x00007fffbad58000 	C:\WINDOWS\System32\USER32.dll
0x00007fffb8ef0000 - 0x00007fffb8f17000 	C:\WINDOWS\System32\win32u.dll
0x00007fffba4a0000 - 0x00007fffba4ca000 	C:\WINDOWS\System32\GDI32.dll
0x00007fffb88b0000 - 0x00007fffb89db000 	C:\WINDOWS\System32\gdi32full.dll
0x00007fffb8e40000 - 0x00007fffb8ee3000 	C:\WINDOWS\System32\msvcp_win.dll
0x00007fffb8490000 - 0x00007fffb85db000 	C:\WINDOWS\System32\ucrtbase.dll
0x00007fffbaf70000 - 0x00007fffbaf9f000 	C:\WINDOWS\System32\IMM32.DLL
0x000000006b150000 - 0x000000006b97a000 	C:\intelfpga_lite\18.1\quartus\bin64\jre64\bin\server\jvm.dll
0x00007fffba730000 - 0x00007fffba738000 	C:\WINDOWS\System32\PSAPI.DLL
0x00007fff6cc20000 - 0x00007fff6cc2a000 	C:\WINDOWS\SYSTEM32\WSOCK32.dll
0x00007fffbaad0000 - 0x00007fffbab44000 	C:\WINDOWS\System32\WS2_32.dll
0x00007fffa39d0000 - 0x00007fffa3a06000 	C:\WINDOWS\SYSTEM32\WINMM.dll
0x000000006ac20000 - 0x000000006acf2000 	C:\WINDOWS\SYSTEM32\MSVCR100.dll
0x000000006b100000 - 0x000000006b10f000 	C:\intelfpga_lite\18.1\quartus\bin64\jre64\bin\verify.dll
0x000000006b080000 - 0x000000006b0a8000 	C:\intelfpga_lite\18.1\quartus\bin64\jre64\bin\java.dll
0x000000006b060000 - 0x000000006b076000 	C:\intelfpga_lite\18.1\quartus\bin64\jre64\bin\zip.dll
0x00007fffb8f20000 - 0x00007fffb9621000 	C:\WINDOWS\System32\SHELL32.dll
0x00007fffb5fd0000 - 0x00007fffb6801000 	C:\WINDOWS\SYSTEM32\windows.storage.dll
0x00007fffb9630000 - 0x00007fffb99ae000 	C:\WINDOWS\System32\combase.dll
0x00007fffba820000 - 0x00007fffba8fa000 	C:\WINDOWS\System32\SHCORE.dll
0x00007fffba360000 - 0x00007fffba3bd000 	C:\WINDOWS\System32\shlwapi.dll
0x00007fffb83a0000 - 0x00007fffb83ce000 	C:\WINDOWS\SYSTEM32\profapi.dll
0x000000006aec0000 - 0x000000006b056000 	C:\intelFPGA_lite\18.1\quartus\bin64\jre64\bin\awt.dll
0x00007fffba740000 - 0x00007fffba816000 	C:\WINDOWS\System32\OLEAUT32.dll
0x00007fffb2440000 - 0x00007fffb24dc000 	C:\WINDOWS\SYSTEM32\apphelp.dll
0x00007fff8f1b0000 - 0x00007fff8f264000 	C:\WINDOWS\WinSxS\amd64_microsoft.windows.common-controls_6595b64144ccf1df_5.82.26100.1882_none_87f34cef7a28f535\COMCTL32.dll
0x00007fffb55b0000 - 0x00007fffb565d000 	C:\WINDOWS\system32\uxtheme.dll
0x00007fffbae10000 - 0x00007fffbaf6c000 	C:\WINDOWS\System32\MSCTF.dll
0x00007fffba920000 - 0x00007fffbaab9000 	C:\WINDOWS\System32\ole32.dll
0x00007fffb7290000 - 0x00007fffb72aa000 	C:\WINDOWS\SYSTEM32\kernel.appcore.dll
0x00007fffb89e0000 - 0x00007fffb8a79000 	C:\WINDOWS\System32\bcryptPrimitives.dll
0x000000006aea0000 - 0x000000006aeba000 	C:\intelFPGA_lite\18.1\quartus\bin64\jre64\bin\net.dll
0x00007fffb7770000 - 0x00007fffb77d8000 	C:\WINDOWS\system32\mswsock.dll
0x00007fffb6a10000 - 0x00007fffb6a42000 	C:\WINDOWS\SYSTEM32\IPHLPAPI.DLL
0x00007fffbab80000 - 0x00007fffbab8a000 	C:\WINDOWS\System32\NSI.dll
0x00007fffb3a80000 - 0x00007fffb3a9e000 	C:\WINDOWS\SYSTEM32\dhcpcsvc6.DLL
0x00007fffb3890000 - 0x00007fffb38b5000 	C:\WINDOWS\SYSTEM32\dhcpcsvc.DLL
0x00007fffb6a90000 - 0x00007fffb6bb5000 	C:\WINDOWS\SYSTEM32\DNSAPI.dll
0x00007fffb5230000 - 0x00007fffb5236000 	C:\intelFPGA_lite\18.1\quartus\bin64\sld_utiljni.dll
0x00007ffee8040000 - 0x00007ffee812f000 	C:\WINDOWS\SYSTEM32\MSVCR120.dll
0x00007fff07c60000 - 0x00007fff07c93000 	C:\intelFPGA_lite\18.1\quartus\bin64\jtag_client.dll
0x00007ffeecbd0000 - 0x00007ffeecc76000 	C:\WINDOWS\SYSTEM32\MSVCP120.dll
0x00007fffabb90000 - 0x00007fffabb99000 	C:\intelFPGA_lite\18.1\quartus\bin64\jtag_atlantic.dll
0x00007ffeef380000 - 0x00007ffeef398000 	C:\intelFPGA_lite\18.1\quartus\bin64\pgm_gdb.dll
0x00007fffa1040000 - 0x00007fffa104f000 	C:\intelFPGA_lite\18.1\quartus\bin64\sld_jtagjni.dll
0x00007fffb5b00000 - 0x00007fffb5b2e000 	C:\WINDOWS\system32\DWMAPI.DLL
0x00007fffab820000 - 0x00007fffab9c6000 	C:\WINDOWS\system32\d3d9.dll
0x00007fffaf070000 - 0x00007fffaf07b000 	C:\WINDOWS\SYSTEM32\VERSION.dll
0x00007fffb5700000 - 0x00007fffb5747000 	C:\WINDOWS\SYSTEM32\dxcore.dll
0x00007fff5d5e0000 - 0x00007fff5d78c000 	C:\WINDOWS\System32\DriverStore\FileRepository\iigd_dch.inf_amd64_b260c545909302e9\igdumdim64.dll
0x00007fff3c0c0000 - 0x00007fff4091b000 	C:\WINDOWS\System32\DriverStore\FileRepository\iigd_dch.inf_amd64_b260c545909302e9\igd9dxva64.dll
0x00007fffb99c0000 - 0x00007fffb9e46000 	C:\WINDOWS\System32\SETUPAPI.dll
0x00007fffb80f0000 - 0x00007fffb814f000 	C:\WINDOWS\SYSTEM32\cfgmgr32.dll
0x00007fffabe80000 - 0x00007fffac28a000 	C:\WINDOWS\System32\DriverStore\FileRepository\iigd_dch.inf_amd64_b260c545909302e9\igdgmm64.dll
0x00007fffb5750000 - 0x00007fffb57ac000 	C:\WINDOWS\SYSTEM32\directxdatabasehelper.dll
0x00007fff6a180000 - 0x00007fff6a297000 	C:\WINDOWS\System32\DriverStore\FileRepository\nvtf.inf_amd64_692f4568eb8607a7\nvldumdx.dll
0x00007fffb7b10000 - 0x00007fffb7b23000 	C:\WINDOWS\SYSTEM32\msasn1.dll
0x00007fffaef50000 - 0x00007fffaef8b000 	C:\WINDOWS\SYSTEM32\cryptnet.dll
0x00007fffb86a0000 - 0x00007fffb8816000 	C:\WINDOWS\System32\CRYPT32.dll
0x00007fffaed00000 - 0x00007fffaee78000 	C:\WINDOWS\SYSTEM32\drvstore.dll
0x00007fffb8160000 - 0x00007fffb818d000 	C:\WINDOWS\SYSTEM32\devobj.dll
0x00007fffb7a40000 - 0x00007fffb7a9d000 	C:\WINDOWS\SYSTEM32\wldp.dll
0x00007fffb79a0000 - 0x00007fffb79ac000 	C:\WINDOWS\SYSTEM32\cryptbase.dll
0x00007fffb8820000 - 0x00007fffb889f000 	C:\WINDOWS\System32\WINTRUST.DLL
0x00007fffbab50000 - 0x00007fffbab70000 	C:\WINDOWS\System32\imagehlp.dll
0x00007fffb7ab0000 - 0x00007fffb7acc000 	C:\WINDOWS\SYSTEM32\CRYPTSP.dll
0x00007fffb71f0000 - 0x00007fffb7228000 	C:\WINDOWS\system32\rsaenh.dll
0x00007fffb7cf0000 - 0x00007fffb7d16000 	C:\WINDOWS\SYSTEM32\bcrypt.dll
0x00007fff05830000 - 0x00007fff0703a000 	C:\WINDOWS\System32\DriverStore\FileRepository\nvtf.inf_amd64_692f4568eb8607a7\nvd3dumx.dll
0x00007fffb77e0000 - 0x00007fffb7807000 	C:\WINDOWS\SYSTEM32\gpapi.dll
0x000000006ae30000 - 0x000000006ae77000 	C:\intelFPGA_lite\18.1\quartus\bin64\jre64\bin\fontmanager.dll
0x000000006ae80000 - 0x000000006ae91000 	C:\intelFPGA_lite\18.1\quartus\bin64\jre64\bin\nio.dll
0x00007fffb7810000 - 0x00007fffb783b000 	C:\WINDOWS\SYSTEM32\USERENV.dll
0x000000006b0f0000 - 0x000000006b0f7000 	C:\intelFPGA_lite\18.1\quartus\bin64\jre64\bin\jawt.dll
0x000000006ade0000 - 0x000000006ae21000 	C:\intelFPGA_lite\18.1\quartus\bin64\jre64\bin\t2k.dll
0x00007fffbad60000 - 0x00007fffbae08000 	C:\WINDOWS\System32\clbcatq.dll
0x00007fffa3310000 - 0x00007fffa35a0000 	C:\WINDOWS\WinSxS\amd64_microsoft.windows.common-controls_6595b64144ccf1df_6.0.26100.2454_none_3e0b68a2e331ad60\comctl32.dll
0x00007fffb5280000 - 0x00007fffb54ae000 	C:\WINDOWS\SYSTEM32\WindowsCodecs.dll
0x00007fff8c330000 - 0x00007fff8c38a000 	C:\WINDOWS\system32\dataexchange.dll
0x00007fff9e4e0000 - 0x00007fff9e717000 	C:\WINDOWS\system32\twinapi.appcore.dll
0x00007fff9e7d0000 - 0x00007fff9e916000 	C:\WINDOWS\SYSTEM32\textinputframework.dll
0x00007fff9fd50000 - 0x00007fff9fd68000 	C:\WINDOWS\system32\napinsp.dll
0x00007fff9fac0000 - 0x00007fff9fad2000 	C:\WINDOWS\System32\winrnr.dll
0x00007fff9f550000 - 0x00007fff9f572000 	C:\WINDOWS\system32\nlansp_c.dll
0x00007fffb0630000 - 0x00007fffb0646000 	C:\WINDOWS\system32\wshbth.dll
0x00007fffb2650000 - 0x00007fffb265b000 	C:\Windows\System32\rasadhlp.dll
0x00007fffb44b0000 - 0x00007fffb4535000 	C:\WINDOWS\System32\fwpuclnt.dll
0x00007fffb1ed0000 - 0x00007fffb1ff5000 	C:\WINDOWS\SYSTEM32\CoreMessaging.dll
0x00007fffae180000 - 0x00007fffae463000 	C:\WINDOWS\SYSTEM32\CoreUIComponents.dll
0x00007fffb3eb0000 - 0x00007fffb4018000 	C:\WINDOWS\SYSTEM32\wintypes.dll
0x000000006bc50000 - 0x000000006bdd7000 	C:\intelFPGA_lite\18.1\quartus\bin64\tcl86.dll
0x00007fffa12a0000 - 0x00007fffa12ba000 	C:\WINDOWS\SYSTEM32\NETAPI32.dll
0x00007fffb6c10000 - 0x00007fffb6c1d000 	C:\WINDOWS\SYSTEM32\NETUTILS.DLL
0x00007fffb6bc0000 - 0x00007fffb6bdb000 	C:\WINDOWS\SYSTEM32\SAMCLI.DLL
0x00007fffb4e60000 - 0x00007fffb4ea6000 	C:\WINDOWS\SYSTEM32\LOGONCLI.DLL
0x00007fffa6970000 - 0x00007fffa6999000 	C:\WINDOWS\SYSTEM32\SRVCLI.DLL
0x00007fffb0160000 - 0x00007fffb017b000 	C:\WINDOWS\SYSTEM32\WKSCLI.DLL
0x00007fffb2950000 - 0x00007fffb2959000 	C:\intelFPGA_lite\18.1\quartus\bin64\tcl_jni_bridge.dll
0x000000006ad80000 - 0x000000006adaa000 	C:\intelFPGA_lite\18.1\quartus\bin64\jre64\bin\dcpr.dll
0x00007fff89b70000 - 0x00007fff89b78000 	C:\intelFPGA_lite\18.1\quartus\bin64\sld_usbjni.dll
0x00007fff89960000 - 0x00007fff89967000 	C:\intelFPGA_lite\18.1\quartus\bin64\sld_gbusjni.dll
0x00007fffaf080000 - 0x00007fffaf2c1000 	C:\WINDOWS\SYSTEM32\dbghelp.dll
0x00007fffb3ce0000 - 0x00007fffb3d19000 	C:\WINDOWS\SYSTEM32\dbgcore.DLL

VM Arguments:
java_command: <unknown>
java_class_path (initial): C:/intelfpga_lite/18.1/quartus/sopc_builder/model/lib\Nlview.jar;C:/intelfpga_lite/18.1/quartus/sopc_builder/model/lib\QuickServer.jar;C:/intelfpga_lite/18.1/quartus/sopc_builder/model/lib\TableLayout.jar;C:/intelfpga_lite/18.1/quartus/sopc_builder/model/lib\appframework-1.03.jar;C:/intelfpga_lite/18.1/quartus/sopc_builder/model/lib\asm-3.1.jar;C:/intelfpga_lite/18.1/quartus/sopc_builder/model/lib\asm-commons-3.1.jar;C:/intelfpga_lite/18.1/quartus/sopc_builder/model/lib\basicmodel.jar;C:/intelfpga_lite/18.1/quartus/sopc_builder/model/lib\beansbinding-1.2.1.jar;C:/intelfpga_lite/18.1/quartus/sopc_builder/model/lib\binding-2.0.6.jar;C:/intelfpga_lite/18.1/quartus/sopc_builder/model/lib\com.altera.componenteditor2.jar;C:/intelfpga_lite/18.1/quartus/sopc_builder/model/lib\com.altera.embeddedsw.app_lib.jar;C:/intelfpga_lite/18.1/quartus/sopc_builder/model/lib\com.altera.embeddedsw.bsp.editor.jar;C:/intelfpga_lite/18.1/quartus/sopc_builder/model/lib\com.altera.embeddedsw.bsp.elements.jar;C:/intelfpga_lite/18.1/quartus/sopc_builder/model/lib\com.altera.embeddedsw.bsp.jar;C:/intelfpga_lite/18.1/quartus/sopc_builder/model/lib\com.altera.embeddedsw.bsp.plugin.core.jar;C:/intelfpga_lite/18.1/quartus/sopc_builder/model/lib\com.altera.embeddedsw.bsp.plugin.hal.jar;C:/intelfpga_lite/18.1/quartus/sopc_builder/model/lib\com.altera.embeddedsw.bsp.plugin.lwhal.jar;C:/intelfpga_lite/18.1/quartus/sopc_builder/model/lib\com.altera.embeddedsw.bsp.schema.jar;C:/intelfpga_lite/18.1/quartus/sopc_builder/model/lib\com.altera.embeddedsw.bsp.scripting.jar;C:/intelfpga_lite/18.1/quartus/sopc_builder/model/lib\com.altera.embeddedsw.commandline.jar;C:/intelfpga_lite/18.1/quartus/sopc_builder/model/lib\com.altera.embeddedsw.cpexample.jar;C:/intelfpga_lite/18.1/quartus/sopc_builder/model/lib\com.altera.embeddedsw.flash.jar;C:/intelfpga_lite/18.1/quartus/sopc_builder/model/lib\com.altera.embeddedsw.launch.jar;C:/intelfpga_lite/18.1/quartus/sopc_builder/model/lib\com.alte
Launcher Type: generic

Environment Variables:
PATH=C:/intelfpga_lite/18.1/quartus/bin64;C:/intelfpga_lite/18.1/quartus/sopc_builder/model/lib;C:\intelFPGA_lite\18.1\nios2eds\bin\gnu\H-x86_64-mingw32\bin;C:\intelFPGA_lite\18.1\nios2eds\sdk2\bin;C:\intelFPGA_lite\18.1\nios2eds\bin;C:\intelFPGA_lite\18.1\quartus\bin64;C:\intelFPGA_lite\18.1\quartus\sopc_builder\bin;C:\intelFPGA_lite\18.1\quartus\bin64\cygwin\bin;C:\intelFPGA_lite\18.1\quartus\bin64\cygwin\bin;C:\WINDOWS\system32;C:\WINDOWS;C:\WINDOWS\System32\Wbem;C:\WINDOWS\System32\WindowsPowerShell\v1.0;C:\WINDOWS\System32\OpenSSH;C:\emacs-29.2_1\bin;C:\Program Files\Git\cmd;C:\intelFPGA_lite\18.1\modelsim_ase\win32aloem;C:\intelFPGA_lite\18.1\nios2eds;C:\Program Files\dotnet;C:\Users\fabricio\AppData\Local\Programs\Python\Python313\Scripts;C:\Users\fabricio\AppData\Local\Programs\Python\Python313;C:\Users\fabricio\AppData\Local\Programs\Python\Python313\lib\tcl8.6;C:\Program Files\Docker\Docker\resources\bin;C:\Program Files\gitui\bin;C:\Users\fabricio\AppData\Local\Programs\Python\Python313\Scripts;C:\Users\fabricio\AppData\Local\Programs\Python\Python313;C:\Users\fabricio\AppData\Local\Microsoft\WindowsApps;C:\Microsoft VS Code\bin;C:\intelFPGA_lite\18.1\modelsim_ase\win32aloem;C:\emacs-29.2_1\bin;C:\Users\fabricio\AppData\Local\Programs\oh-my-posh\bin;C:\Users\fabricio\.dotnet\tools
USERNAME=fabricio
OS=Windows_NT
PROCESSOR_IDENTIFIER=Intel64 Family 6 Model 158 Stepping 10, GenuineIntel



---------------  S Y S T E M  ---------------

OS: Windows 8 , 64 bit Build 9200 

CPU:total 12 (6 cores per cpu, 2 threads per core) family 6 model 158 stepping 10, cmov, cx8, fxsr, mmx, sse, sse2, sse3, ssse3, sse4.1, sse4.2, popcnt, avx, avx2, aes, clmul, erms, ht, tsc, tscinvbit

Memory: 4k page, physical 33409424k(22189872k free), swap 35506576k(18746080k free)

vm_info: Java HotSpot(TM) 64-Bit Server VM (25.5-b02) for windows-amd64 JRE (1.8.0_05-b13), built on Mar 18 2014 01:08:39 by "java_re" with MS VC++ 10.0 (VS2010)

time: Thu Jan 30 15:33:15 2025
elapsed time: 49 seconds

